[tronscan.org/index.html]
[tronscan.org/manifest.json]
[tronscan.org/favicon5e1f.png]
[backblue.gif]
[fade.gif]
[index.html]
[static.tronscan.org/production/logo/share_logo.png]
[www.googletagmanager.com/gtm8506.js]
[static.tronscan.org/tronscan/iconfont/iconfontbe8a.css]
[tronscan.org/static/js/tronweb.e6338022.js]
[tronscan.org/static/js/antds.00b0bcad.js]
[tronscan.org/static/js/ethersproject.0f4ab1d1.js]
[tronscan.org/static/js/bable.928fbb26.js]
[tronscan.org/static/js/mainlite.8b5e9f36.js]
[tronscan.org/static/js/antdesign.8a91a2e1.js]
[tronscan.org/static/js/domloadsh.4b4c4e90.js]
[tronscan.org/static/js/browserifys.c58971d5.js]
[tronscan.org/static/js/8030.11c5b9b1.js]
[tronscan.org/static/js/8513.78b88a9f.js]
[tronscan.org/static/js/main.35774be6.js]
[tronscan.org/static/css/mainlite.90edd627.css]
[tronscan.org/static/css/8030.036c7df7.css]
[tronscan.org/static/css/main.cb6298cf.css]
[www.google.com/recaptcha/api.js]
[static.tronscan.org/releases/v5.3.1/css/all.css]
[tronscan.org/cdn/js/react.production.min.16.14.0.js]
[tronscan.org/cdn/js/react-dom.production.min.16.14.0.js]
[static.tronscan.org/js/core-js-bundle.minified.min.js]
[tronscan.org/cdn/js/ethers.min.5.6.9.js]
[tronscan.org/cdn/js/jquery.min.3.6.0.js]
[tronscan.org/cdn/js/html2canvas.min.1.0.0.js]
[static.tronscan.org/tronscan/iconfont/iconfont3907.js]
[tronscan.org/index.html]
[tronscan.org/cdn-cgi/scripts/7d0fa10a/cloudflare-static/rocket-loader.min.js]
[static.tronscan.org/tronscan/iconfont/iconfont37d8.woff2]
[static.tronscan.org/tronscan/iconfont/iconfont37d8.woff]
[static.tronscan.org/tronscan/iconfont/iconfont37d8.ttf]
[static.tronscan.org/tronscan/iconfont/iconfontbe8a.css]
[tronscan.org/static/css/mainlite.90edd627.css]
[tronscan.org/static/media/ajax-loader.fb6f3c230cb846e25247.gif]
[tronscan.org/static/media/slick.a4e97f5a2a64f0ab1323.eot]
[tronscan.org/static/media/slick.a4e97f5a2a64f0ab1323d41d.eot]
[tronscan.org/static/media/slick.295183786cd8a1389865.woff]
[tronscan.org/static/media/slick.c94f7671dcc99dce43e2.ttf]
[tronscan.org/static/css/8030.036c7df7.css]
[tronscan.org/static/media/slick.2630a3e3eab21c607e21.svg]
[tronscan.org/static/media/body_bg.0b8d9df03f1aac5da834.webp]
[tronscan.org/static/media/token-vip.8fdf102f78ba6293e1b5.svg]
[tronscan.org/static/media/newrank-1.705a3a8d38100c46f390.png]
[tronscan.org/static/media/newrank-2.89c00fb5184390f518e2.png]
[tronscan.org/static/media/newrank-3.495893f53865b1d19cba.png]
[tronscan.org/static/media/tronlink-circle-new.a9bb299c8e58417618fb.svg]
[tronscan.org/static/media/rect.c7822f273058f18cf510.svg]
[tronscan.org/static/media/marker-icon-2x.6480dae0816f3fb638dc.png]
[tronscan.org/static/media/marker-shadow.65ef5f76b3f65db54e59.png]
[tronscan.org/static/media/token-img-top.61193784ae64aeb69e1b.png]
[tronscan.org/static/media/star_tip.ebcc0334f6cfdd2bac6e.png]
[tronscan.org/static/media/flag.e1cfbc8556be2895ce0c.png]
[tronscan.org/static/media/Weibo.f56aad753552d8cadcfa.png]
[tronscan.org/static/media/Weibo-active.0e8d2752b7f265b2027e.png]
[tronscan.org/static/media/Wechat.5f849c97447aa225121e.png]
[tronscan.org/static/media/Wechat-active.69de21d518e582030d3c.png]
[tronscan.org/static/media/Discord.9997bcd462c02f052f9b.png]
[tronscan.org/static/media/Discord-active.698b128b7ed7bb6a0ed0.png]
[tronscan.org/static/media/Facebook.2b09f33579c0ee07532c.png]
[tronscan.org/static/media/Facebook-active.e301146b95043567178f.png]
[tronscan.org/static/media/Group.9065f43841116e9da858.png]
[tronscan.org/static/media/Group-active.34fdc420735776b2cdab.png]
[tronscan.org/static/media/Steem.ef0da37b9ca75453a564.png]
[tronscan.org/static/media/Steem-active.cf3b01785c9deb03ab58.png]
[tronscan.org/static/media/Instagram.ed3f263c915a8ae308ae.png]
[tronscan.org/static/media/Instagram-active.d3501114e58e06d83dba.png]
[tronscan.org/static/media/Medium.125552a7c9b86778b0de.png]
[tronscan.org/static/media/Medium-active.5410fc46e56400220a29.png]
[tronscan.org/static/media/Reddit.7bac5e2feef5deaeb195.png]
[tronscan.org/static/media/Reddit-active.bfe709b28406c5420a01.png]
[tronscan.org/static/media/Telegram.c76248391ab6d5064dfb.png]
[tronscan.org/static/media/Telegram-active.2b031fcc61d1a787dfad.png]
[tronscan.org/static/media/Twitter.eb8cc0b96700e4e5452e.png]
[tronscan.org/static/media/Twitter-active.758256becf0a391e2212.png]
[tronscan.org/static/media/delete.a06da2473cf0b9ad5565.png]
[tronscan.org/static/media/delete-active.a06da2473cf0b9ad5565.png]
[tronscan.org/static/media/GitHub.8bf469bdc54c1a8687cd.png]
[tronscan.org/static/media/GitHub-active.8bf469bdc54c1a8687cd.png]
[tronscan.org/static/media/bg.77d5c3abcede7f2ac30f.png]
[tronscan.org/static/media/menuchecked-link.e5f9173fba50bb242b51.png]
[tronscan.org/static/media/menuchecked-ledger.f798ccb35a875b3f570e.png]
[tronscan.org/static/media/ledger_1-new.bfa68cb07e203da06f8f.png]
[tronscan.org/static/media/ledger_2-new.c2ad3ca6073289149224.png]
[tronscan.org/static/media/ledger_3-new.1c21abdf8fbc6bbe430a.png]
[tronscan.org/static/media/right.f952e0b84d7fbb769cf7.png]
[tronscan.org/static/media/arrow-down-hover.4e9ba1c4dabe010afa24.svg]
[tronscan.org/static/media/arrow-up.40a559dc48071de4b508.svg]
[tronscan.org/static/media/arrow-down.dc4d79c170a75a68e0eb.svg]
[tronscan.org/static/media/arrow-up-sel.f5194a9410181e6e4f15.svg]
[tronscan.org/static/media/arrow-down-sel.d733acd1016e93778587.svg]
[tronscan.org/static/css/main.cb6298cf.css]
[static.tronscan.org/releases/v5.3.1/css/all.css]
[tronscan.org/static/media/icon-apii.73a70b3b23ae1edd669f.svg]
[tronscan.org/static/media/slick.2630a3e3eab21c607e21.svg]
[tronscan.org/static/media/token-vip.8fdf102f78ba6293e1b5.svg]
[tronscan.org/static/media/tronlink-circle-new.a9bb299c8e58417618fb.svg]
[tronscan.org/static/media/rect.c7822f273058f18cf510.svg]
[tronscan.org/static/media/arrow-down-hover.4e9ba1c4dabe010afa24.svg]
[tronscan.org/static/media/arrow-up.40a559dc48071de4b508.svg]
[tronscan.org/static/media/arrow-down.dc4d79c170a75a68e0eb.svg]
[tronscan.org/static/media/arrow-up-sel.f5194a9410181e6e4f15.svg]
[tronscan.org/static/media/arrow-down-sel.d733acd1016e93778587.svg]
[tronscan.org/static/media/icon-apii.73a70b3b23ae1edd669f.svg]
